MO MDF NULL MDF.v vlg1F/_m_d_f.bin 1731756811
MO DM NULL DM.v vlg21/_d_m.bin 1731152955
MO IM NULL IM.v vlg3A/_i_m.bin 1731152955
MO GRF NULL GRF.v vlg4F/_g_r_f.bin 1731756811
MO mips NULL mips.v vlg1D/mips.bin 1731756811
MO IFU NULL IFU.v vlg54/_i_f_u.bin 1731756811
MO DE_REG NULL DE_REG.v vlg0E/_d_e___r_e_g.bin 1731756811
MO MW_REG NULL MW_REG.v vlg5D/_m_w___r_e_g.bin 1731756811
MO ALU NULL ALU.v vlg2A/_a_l_u.bin 1731756811
MO controller NULL controller.v vlg54/controller.bin 1731756811
MO EM_REG NULL EM_REG.v vlg4B/_e_m___r_e_g.bin 1731756811
MO FD_REG NULL FD_REG.v vlg07/_f_d___r_e_g.bin 1731756811
